[paul-themes.com/html/ramsay/index04b9.html]
[paul-themes.com/html/ramsay/favicon.png]
[paul-themes.com/html/ramsay/apple-touch-icon.png]
[paul-themes.com/html/ramsay/apple-touch-icon-72x72.png]
[paul-themes.com/html/ramsay/apple-touch-icon-114x114.png]
[backblue.gif]
[fade.gif]
[index.html]
[paul-themes.com/html/ramsay/css/style.css]
[paul-themes.com/html/ramsay/images/brand.png]
[paul-themes.com/html/ramsay/images/bg/main.jpg]
[paul-themes.com/html/ramsay/images/bg/resume.jpg]
[paul-themes.com/html/ramsay/images/bg/about.jpg]
[paul-themes.com/html/ramsay/images/bg/project1.jpg]
[paul-themes.com/html/ramsay/images/bg/project2.jpg]
[paul-themes.com/html/ramsay/images/bg/project3.jpg]
[paul-themes.com/html/ramsay/images/bg/project4.jpg]
[paul-themes.com/html/ramsay/project-detail.html]
[paul-themes.com/html/ramsay/projects.html]
[paul-themes.com/html/ramsay/images/partners/1.png]
[paul-themes.com/html/ramsay/images/partners/2.png]
[paul-themes.com/html/ramsay/images/partners/3.png]
[paul-themes.com/html/ramsay/images/partners/4.png]
[paul-themes.com/html/ramsay/images/partners/5.png]
[paul-themes.com/html/ramsay/images/partners/6.png]
[paul-themes.com/html/ramsay/images/partners/7.png]
[paul-themes.com/html/ramsay/images/partners/8.png]
[paul-themes.com/html/ramsay/images/partners/9.png]
[paul-themes.com/html/ramsay/images/partners/10.png]
[paul-themes.com/html/ramsay/images/partners/11.png]
[paul-themes.com/html/ramsay/images/partners/12.png]
[paul-themes.com/html/ramsay/images/bg/reviews.jpg]
[paul-themes.com/html/ramsay/images/bg/contact.jpg]
[paul-themes.com/html/ramsay/js/wow.min.js]
[paul-themes.com/html/ramsay/js/smoothscroll.js]
[paul-themes.com/html/ramsay/js/jquery.min.js]
[paul-themes.com/html/ramsay/js/animsition.js]
[paul-themes.com/html/ramsay/js/jquery.validate.min.js]
[paul-themes.com/html/ramsay/js/jquery.magnific-popup.min.js]
[paul-themes.com/html/ramsay/js/owl.carousel.min.js]
[paul-themes.com/html/ramsay/js/jquery.pagepiling.min.js]
[paul-themes.com/html/ramsay/index04b9.html]
[paul-themes.com/html/ramsay/js/scripts.js]
[paul-themes.com/html/ramsay/css/bootstrap.min.css]
[paul-themes.com/html/ramsay/css/bootstrap-grid.min.css]
[paul-themes.com/html/ramsay/css/animate.css]
[paul-themes.com/html/ramsay/css/ionicons.min.css]
[paul-themes.com/html/ramsay/css/linearicons.css]
[paul-themes.com/html/ramsay/css/animsition.css]
[paul-themes.com/html/ramsay/css/magnific-popup.css]
[paul-themes.com/html/ramsay/css/jquery.pagepiling.css]
[paul-themes.com/html/ramsay/css/owl.carousel.css]
[paul-themes.com/html/ramsay/images/bg/quote.png]
[paul-themes.com/html/ramsay/css/style.css]
[paul-themes.com/html/ramsay/index.html]
[paul-themes.com/html/ramsay/images/bg/project3-1.jpg]
[paul-themes.com/html/ramsay/project-detail.html]
[paul-themes.com/html/ramsay/images/bg/project3-2.jpg]
[paul-themes.com/html/ramsay/images/bg/project5.jpg]
[paul-themes.com/html/ramsay/images/bg/project6.jpg]
[paul-themes.com/html/ramsay/images/bg/project7.jpg]
[paul-themes.com/html/ramsay/projects.html]
[paul-themes.com/html/ramsay/css/bootstrap.min.css]
[paul-themes.com/html/ramsay/css/bootstrap-grid.min.css]
[paul-themes.com/html/ramsay/css/animate.css]
[paul-themes.com/html/ramsay/fonts/ionicons28b5.eot]
[paul-themes.com/html/ramsay/fonts/ionicons28b5.svg]
[paul-themes.com/html/ramsay/css/ionicons.min.css]
[paul-themes.com/html/ramsay/fonts/ionicons28b5.woff]
[paul-themes.com/html/ramsay/css/linearicons.css]
[paul-themes.com/html/ramsay/fonts/ionicons28b5.ttf]
[paul-themes.com/html/ramsay/css/base.css]
[paul-themes.com/html/ramsay/css/loading.css]
[paul-themes.com/html/ramsay/css/fade/fade.css]
[paul-themes.com/html/ramsay/css/fade/fade-up.css]
[paul-themes.com/html/ramsay/css/fade/fade-up-sm.css]
[paul-themes.com/html/ramsay/css/fade/fade-up-lg.css]
[paul-themes.com/html/ramsay/css/fade/fade-down.css]
[paul-themes.com/html/ramsay/css/fade/fade-down-sm.css]
[paul-themes.com/html/ramsay/css/fade/fade-down-lg.css]
[paul-themes.com/html/ramsay/fonts/Linearicons.ttf]
[paul-themes.com/html/ramsay/css/fade/fade-left.css]
[paul-themes.com/html/ramsay/css/fade/fade-left-sm.css]
[paul-themes.com/html/ramsay/css/fade/fade-left-lg.css]
[paul-themes.com/html/ramsay/css/fade/fade-right.css]
[paul-themes.com/html/ramsay/css/fade/fade-right-sm.css]
[paul-themes.com/html/ramsay/css/fade/fade-right-lg.css]
[paul-themes.com/html/ramsay/css/rotate/rotate.css]
[paul-themes.com/html/ramsay/css/rotate/rotate-sm.css]
[paul-themes.com/html/ramsay/css/rotate/rotate-lg.css]
[paul-themes.com/html/ramsay/css/flip/flip-x.css]
[paul-themes.com/html/ramsay/css/flip/flip-x-nr.css]
[paul-themes.com/html/ramsay/css/flip/flip-x-fr.css]
[paul-themes.com/html/ramsay/css/flip/flip-y.css]
[paul-themes.com/html/ramsay/css/flip/flip-y-nr.css]
[paul-themes.com/html/ramsay/css/flip/flip-y-fr.css]
[paul-themes.com/html/ramsay/css/zoom/zoom.css]
[paul-themes.com/html/ramsay/css/zoom/zoom-sm.css]
[paul-themes.com/html/ramsay/css/zoom/zoom-lg.css]
[paul-themes.com/html/ramsay/css/overlay/overlay-slide-top.css]
[paul-themes.com/html/ramsay/css/overlay/overlay-slide-bottom.css]
[paul-themes.com/html/ramsay/css/overlay/overlay-slide-left.css]
[paul-themes.com/html/ramsay/css/overlay/overlay-slide-right.css]
[paul-themes.com/html/ramsay/css/animsition.css]
[paul-themes.com/html/ramsay/css/magnific-popup.css]
[paul-themes.com/html/ramsay/css/jquery.pagepiling.css]
[paul-themes.com/html/ramsay/css/owl.video.play.png]
[paul-themes.com/html/ramsay/css/owl.carousel.css]
[paul-themes.com/html/ramsay/index.html]
[paul-themes.com/html/ramsay/fonts/ionicons28b5.svg]
[paul-themes.com/html/ramsay/css/base.css]
[paul-themes.com/html/ramsay/css/loading.css]
[paul-themes.com/html/ramsay/css/fade/fade.css]
[paul-themes.com/html/ramsay/css/fade/fade-up.css]
[paul-themes.com/html/ramsay/css/fade/fade-up-sm.css]
[paul-themes.com/html/ramsay/css/fade/fade-up-lg.css]
[paul-themes.com/html/ramsay/css/fade/fade-down.css]
[paul-themes.com/html/ramsay/css/fade/fade-down-sm.css]
[paul-themes.com/html/ramsay/css/fade/fade-down-lg.css]
[paul-themes.com/html/ramsay/css/fade/fade-left.css]
[paul-themes.com/html/ramsay/css/fade/fade-left-sm.css]
[paul-themes.com/html/ramsay/css/fade/fade-left-lg.css]
[paul-themes.com/html/ramsay/css/fade/fade-right.css]
[paul-themes.com/html/ramsay/css/fade/fade-right-sm.css]
[paul-themes.com/html/ramsay/css/fade/fade-right-lg.css]
[paul-themes.com/html/ramsay/css/rotate/rotate.css]
[paul-themes.com/html/ramsay/css/rotate/rotate-sm.css]
[paul-themes.com/html/ramsay/css/rotate/rotate-lg.css]
[paul-themes.com/html/ramsay/css/flip/flip-x.css]
[paul-themes.com/html/ramsay/css/flip/flip-x-nr.css]
[paul-themes.com/html/ramsay/css/flip/flip-x-fr.css]
[paul-themes.com/html/ramsay/css/flip/flip-y.css]
[paul-themes.com/html/ramsay/css/flip/flip-y-nr.css]
[paul-themes.com/html/ramsay/css/flip/flip-y-fr.css]
[paul-themes.com/html/ramsay/css/zoom/zoom.css]
[paul-themes.com/html/ramsay/css/zoom/zoom-sm.css]
[paul-themes.com/html/ramsay/css/zoom/zoom-lg.css]
[paul-themes.com/html/ramsay/css/overlay/overlay-slide-top.css]
[paul-themes.com/html/ramsay/css/overlay/overlay-slide-bottom.css]
[paul-themes.com/html/ramsay/css/overlay/overlay-slide-left.css]
[paul-themes.com/html/ramsay/css/overlay/overlay-slide-right.css]
